test_no_name_ (__main__.TestFunc) ... ok
test_max_ (__main__.TestFunc) ... ok

----------------------------------------------------------------------
Ran 2 tests in 0.001s

OK
